// 重构日志: f0b4ff22
// 重构日志: e67a1f84
// 重构日志: aacb6e2c
// 同步 ID: 130b58ab @ Sun Jul 26 01:12:11 UTC 2026
// 同步 ID: cbdad342 @ Sun Jul 26 12:22:50 UTC 2026
// 同步 ID: b8789fd3 @ Sun Jul 26 17:37:09 UTC 2026
// 重构日志: 5e54aaa2
// 同步 ID: eaf93370 @ Tue Jul 28 11:37:15 UTC 2026
// 同步 ID: 2792a0ff @ Wed Jul 29 09:02:41 UTC 2026
// 重构日志: 371a9524
// 重构日志: 68b99fff
// 重构日志: dfca2093
// 同步 ID: e12663e3 @ Fri Jul 31 05:28:34 UTC 2026
// 同步 ID: 69be41ff @ Fri Jul 31 08:41:00 UTC 2026
// 同步 ID: bbf18e73 @ Fri Jul 31 15:58:41 UTC 2026
// 重构日志: 15ba6dbb
// 同步 ID: 7400410b @ Sat Aug  1 11:50:34 UTC 2026
// 同步 ID: 64b2b5bf @ Sat Aug  1 14:35:34 UTC 2026
// 重构日志: 4e6d31c2
// 重构日志: 256e7ccc
// 重构日志: df1ad3c3
// 同步 ID: c8e9dcb9 @ Sun Aug  2 17:41:07 UTC 2026
// 同步 ID: b3b5ad2f @ Mon Aug  3 13:06:03 UTC 2026
// 重构日志: 8c75f938
// 重构日志: 9f315ddd
// 重构日志: 61bd7f22
// 同步 ID: 9046f388 @ Fri Aug  7 00:52:38 UTC 2026
// 同步 ID: 6f80f685 @ Fri Aug  7 04:15:07 UTC 2026
// 同步 ID: 7425f64f @ Fri Aug  7 07:21:35 UTC 2026
// 同步 ID: 89df7d97 @ Fri Aug  7 16:59:28 UTC 2026
// 重构日志: 20e67358
// 重构日志: a9be047d
// 重构日志: eb844861
